Lab - Entering Commands
==========
Follow the instructions line-by-line.  

* Type in the commands as is, but ignore the beginning prompt.  
* Enter, tab, up and down are represented by <ENTER><TAB>,<UP> and <DOWN>.  
* "No output" or "nothing happens" are valid answers to any of the questions.
==========



==========
1. Open Terminal.  Type:

$ ls<ENTER>

Copy and paste the output of ls below.

Applications		Library			Trovi
Creative Cloud Files	Movies			Wine Files
Desktop			Music			openBVE
Documents		Pictures		楗敮䘠汩獥
Downloads		PublicCode  Desktop  Documents  Downloads  Movies  Music  Pictures  textfile.txt


==========
2a. Type: 

$ ls D<TAB>

What happens?  Describe it below.
ls D<TAB----------
Desktop/    Documents/  Downloads/
Pressing ls D then tab lists all the files that start with the letter D which are Desktop Documetns and Downloads

2b. Press <TAB> one more time.  Copy and paste the output below.

Desktop/   Documents/ Downloads/
rdrgeerwtger yg erwy brg


==========
2c. Now press <ENTER>. Copy and paste the output below.

It says No such file or directory 



==========
3.  Type:

$ ls -l Documents<ENTER>

Copy and paste the first *two lines* of output below.
drwxr-xr-x  4 daniel  staff    136 May 17  2020 Library
drwxr-xr-x  2 daniel  staff     68 Aug 24  2015 MacKeeper Backups


==========
4.  Type:

$ ls -a Documents

Copy and paste the first *two lines* of output below.
.					MacKeeper Backups
..					WebEx


==========
5.  Type:

<UP><ENTER>

What command was repeated?
----------
ls -a Documents

==========
6.  Type:

<UP><UP><UP><DOWN><ENTER>

What command was repeated?
----------
ls -a Documents


==========
7.  Type:

$ ls /b<TAB><ENTER>

What is the result of pressing tab?
----------
It shows a bunch of these different files

[		df		launchctl	pwd		tcsh
bash		domainname	link		rcp		test
cat		echo		ln		rm		unlink
chmod		ed		ls		rmdir		wait4path
cp		expr		mkdir		sh		zsh
csh		hostname	mv		sleep
date		kill		pax		stty
dd		ksh		ps		sync

8.  Type:

$ ls doesnotexist

Copy and paste the output below.
----------
No such file or directory


==========
9.  What key do I press to go to the previous command?
----------
<UP> key


==========
10.  Name two flags that we used in this exercise.
----------
-l and -a


==========
11.  What key do I use to attempt to autocomplete a command or a file name?
----------
TAB KEY


==========
12.  What was the main command that we used throughout this exercise?
----------
ls


==========
13.  Name one argument that we passed to the command.
----------
ls command


==========
14.  Type:

$ foo<ENTER>

Copy and paste the output below.
----------
-bash: foo: command not found
==========
15.  Type:

<UP><ENTER>

Copy and paste the output below.
----------
-bash: foo: command not found

==========
16.  In the following line....

$ ls -a Desktop

What is the command, flag, argument, and prompt?
----------
The command is: ls
The flag is: -a
The argument is: Desktop
The prompt is: $ ls -a Desktop
